
> evocomp@0.0.0 build
> tsc && vite build

[36mvite v7.3.1 [32mbuilding client environment for production...[36m[39m
transforming...
[32mΓ£ô[39m 13 modules transformed.
Γ£ù Build failed in 457ms
error during build:
[vite:json] [plugin vite:json] src/i18n/locales/en/common.json (280:1): Failed to parse JSON file, invalid JSON syntax found at position 11579
file: C:/Users/carlo/Documents/evocomp/src/i18n/locales/en/common.json:280:1

278:       }
279:     },
280:   },
      ^
281:   "merit": {
282:     "builder_title": "Create Merit Review Scenario",

    at getRollupError (file:///C:/Users/carlo/Documents/evocomp/node_modules/rollup/dist/es/shared/parseAst.js:402:41)
    at error (file:///C:/Users/carlo/Documents/evocomp/node_modules/rollup/dist/es/shared/parseAst.js:398:42)
    at Object.error (file:///C:/Users/carlo/Documents/evocomp/node_modules/rollup/dist/es/shared/node-entry.js:22249:20)
    at Object.error (file:///C:/Users/carlo/Documents/evocomp/node_modules/rollup/dist/es/shared/node-entry.js:21298:42)
    at Object.handler (file:///C:/Users/carlo/Documents/evocomp/node_modules/vite/dist/node/chunks/config.js:8890:11)
    at Object.handler (file:///C:/Users/carlo/Documents/evocomp/node_modules/vite/dist/node/chunks/config.js:33730:13)
    at file:///C:/Users/carlo/Documents/evocomp/node_modules/rollup/dist/es/shared/node-entry.js:22571:40
